// Jest Snapshot v1, https://goo.gl/fbAQLP

exports[`DetailScreen should render correctly 1`] = `
<View
  style={
    Object {
      "backgroundColor": "#fff",
      "borderColor": "#dcdee2",
      "borderStyle": "solid",
      "borderWidth": 1,
      "flex": 1,
      "flexDirection": "row",
      "justifyContent": "space-between",
      "marginBottom": 10,
      "padding": 15,
    }
  }
>
  <View>
    <Text
      style={
        Object {
          "color": "#242d37",
          "fontSize": 16,
          "fontWeight": "bold",
          "paddingBottom": 3,
        }
      }
    />
    <View
      style={
        Object {
          "flexDirection": "row",
        }
      }
    >
      <Text
        style={
          Object {
            "alignItems": "center",
            "color": "#435569",
            "display": "flex",
          }
        }
      >
         &gt; 
      </Text>
    </View>
  </View>
  <Text
    style={
      Array [
        Object {
          "alignSelf": "flex-start",
          "padding": 10,
        },
        Object {
          "backgroundColor": undefined,
        },
      ]
    }
  />
</View>
`;
