// Jest Snapshot v1, https://goo.gl/fbAQLP

exports[`LoginScreen should match snapshot 1`] = `
<View
  style={
    Object {
      "alignItems": "center",
      "backgroundColor": "#f3f7f9",
      "flex": 1,
      "justifyContent": "center",
      "padding": 15,
    }
  }
>
  <View
    style={
      Object {
        "maxWidth": 300,
        "paddingBottom": 10,
        "width": "80%",
      }
    }
  >
    <TextInput
      allowFontScaling={true}
      onBlur={[Function]}
      onChangeText={[Function]}
      rejectResponderTermination={true}
      style={
        Object {
          "backgroundColor": "#fff",
          "borderColor": "#10b1fc",
          "borderStyle": "solid",
          "borderWidth": 1,
          "height": 40,
          "paddingHorizontal": 5,
          "paddingVertical": 2,
          "width": "100%",
        }
      }
      underlineColorAndroid="transparent"
      value=""
    />
  </View>
  <View
    style={
      Object {
        "maxWidth": 300,
        "paddingBottom": 10,
        "width": "80%",
      }
    }
  >
    <TextInput
      allowFontScaling={true}
      onBlur={[Function]}
      onChangeText={[Function]}
      rejectResponderTermination={true}
      secureTextEntry={true}
      style={
        Object {
          "backgroundColor": "#fff",
          "borderColor": "#10b1fc",
          "borderStyle": "solid",
          "borderWidth": 1,
          "height": 40,
          "paddingHorizontal": 5,
          "paddingVertical": 2,
          "width": "100%",
        }
      }
      underlineColorAndroid="transparent"
      value=""
    />
  </View>
  <View
    accessibilityRole="button"
    accessibilityState={Object {}}
    accessible={true}
    focusable={true}
    onClick={[Function]}
    onResponderGrant={[Function]}
    onResponderMove={[Function]}
    onResponderRelease={[Function]}
    onResponderTerminate={[Function]}
    onResponderTerminationRequest={[Function]}
    onStartShouldSetResponder={[Function]}
    style={
      Object {
        "opacity": 1,
      }
    }
  >
    <View
      style={
        Array [
          Object {},
        ]
      }
    >
      <Text
        style={
          Array [
            Object {
              "color": "#007AFF",
              "fontSize": 18,
              "margin": 8,
              "textAlign": "center",
            },
            Object {
              "color": "#10b1fc",
            },
          ]
        }
      >
        Submit
      </Text>
    </View>
  </View>
</View>
`;
